Archive member included because of file (symbol)

C:\Users\Ezra\Documents\GitHub\robocup-ee\firmware\gen3\SerialLib\Debug\libSerialLib.a(serial.o)
                              CommsBoardC.o (serialPopInbox)
C:\Users\Ezra\Documents\GitHub\robocup-ee\firmware\gen3\SerialLib\Debug\libSerialLib.a(commcore.o)
                              C:\Users\Ezra\Documents\GitHub\robocup-ee\firmware\gen3\SerialLib\Debug\libSerialLib.a(serial.o) (mqPopMessage)
c:/program files (x86)/atmel/atmel toolchain/avr8 gcc/native/3.4.1061/avr8-gnu-toolchain/bin/../lib/gcc/avr/4.8.1/avr5\libgcc.a(_exit.o)
                              c:/program files (x86)/atmel/atmel toolchain/avr8 gcc/native/3.4.1061/avr8-gnu-toolchain/bin/../lib/gcc/avr/4.8.1/../../../../avr/lib/avr5/crtm165a.o (exit)
c:/program files (x86)/atmel/atmel toolchain/avr8 gcc/native/3.4.1061/avr8-gnu-toolchain/bin/../lib/gcc/avr/4.8.1/avr5\libgcc.a(_copy_data.o)
                              C:\Users\Ezra\Documents\GitHub\robocup-ee\firmware\gen3\SerialLib\Debug\libSerialLib.a(serial.o) (__do_copy_data)
c:/program files (x86)/atmel/atmel toolchain/avr8 gcc/native/3.4.1061/avr8-gnu-toolchain/bin/../lib/gcc/avr/4.8.1/avr5\libgcc.a(_clear_bss.o)
                              C:\Users\Ezra\Documents\GitHub\robocup-ee\firmware\gen3\SerialLib\Debug\libSerialLib.a(serial.o) (__do_clear_bss)
c:/program files (x86)/atmel/atmel toolchain/avr8 gcc/native/3.4.1061/avr8-gnu-toolchain/bin/../lib/gcc/avr/4.8.1/avr5\libgcc.a(_umulhisi3.o)
                              C:\Users\Ezra\Documents\GitHub\robocup-ee\firmware\gen3\SerialLib\Debug\libSerialLib.a(serial.o) (__umulhisi3)

Allocating common symbols
Common symbol       size              file

sendQueue           0x3               C:\Users\Ezra\Documents\GitHub\robocup-ee\firmware\gen3\SerialLib\Debug\libSerialLib.a(serial.o)
outbox              0x2c              C:\Users\Ezra\Documents\GitHub\robocup-ee\firmware\gen3\SerialLib\Debug\libSerialLib.a(serial.o)
inbox               0x2c              C:\Users\Ezra\Documents\GitHub\robocup-ee\firmware\gen3\SerialLib\Debug\libSerialLib.a(serial.o)
readBuf             0x4               C:\Users\Ezra\Documents\GitHub\robocup-ee\firmware\gen3\SerialLib\Debug\libSerialLib.a(serial.o)

Discarded input sections

 .data          0x00000000        0x0 c:/program files (x86)/atmel/atmel toolchain/avr8 gcc/native/3.4.1061/avr8-gnu-toolchain/bin/../lib/gcc/avr/4.8.1/../../../../avr/lib/avr5/crtm165a.o
 .bss           0x00000000        0x0 c:/program files (x86)/atmel/atmel toolchain/avr8 gcc/native/3.4.1061/avr8-gnu-toolchain/bin/../lib/gcc/avr/4.8.1/../../../../avr/lib/avr5/crtm165a.o
 .text          0x00000000        0x0 CommsBoardC.o
 .data          0x00000000        0x0 CommsBoardC.o
 .bss           0x00000000        0x0 CommsBoardC.o
 .text          0x00000000        0x0 C:\Users\Ezra\Documents\GitHub\robocup-ee\firmware\gen3\SerialLib\Debug\libSerialLib.a(serial.o)
 .data          0x00000000        0x0 C:\Users\Ezra\Documents\GitHub\robocup-ee\firmware\gen3\SerialLib\Debug\libSerialLib.a(serial.o)
 .bss           0x00000000        0x0 C:\Users\Ezra\Documents\GitHub\robocup-ee\firmware\gen3\SerialLib\Debug\libSerialLib.a(serial.o)
 .text.serialPushOutbox
                0x00000000        0xa C:\Users\Ezra\Documents\GitHub\robocup-ee\firmware\gen3\SerialLib\Debug\libSerialLib.a(serial.o)
 .text.serialGetOutboxSize
                0x00000000        0xa C:\Users\Ezra\Documents\GitHub\robocup-ee\firmware\gen3\SerialLib\Debug\libSerialLib.a(serial.o)
 .text.setReceiveBlock
                0x00000000        0xc C:\Users\Ezra\Documents\GitHub\robocup-ee\firmware\gen3\SerialLib\Debug\libSerialLib.a(serial.o)
 .text.clearToSend
                0x00000000        0xa C:\Users\Ezra\Documents\GitHub\robocup-ee\firmware\gen3\SerialLib\Debug\libSerialLib.a(serial.o)
 .text          0x00000000        0x0 C:\Users\Ezra\Documents\GitHub\robocup-ee\firmware\gen3\SerialLib\Debug\libSerialLib.a(commcore.o)
 .data          0x00000000        0x0 C:\Users\Ezra\Documents\GitHub\robocup-ee\firmware\gen3\SerialLib\Debug\libSerialLib.a(commcore.o)
 .bss           0x00000000        0x0 C:\Users\Ezra\Documents\GitHub\robocup-ee\firmware\gen3\SerialLib\Debug\libSerialLib.a(commcore.o)
 .text.mqGetCapacity
                0x00000000       0x10 C:\Users\Ezra\Documents\GitHub\robocup-ee\firmware\gen3\SerialLib\Debug\libSerialLib.a(commcore.o)
 .text          0x00000000        0x0 c:/program files (x86)/atmel/atmel toolchain/avr8 gcc/native/3.4.1061/avr8-gnu-toolchain/bin/../lib/gcc/avr/4.8.1/avr5\libgcc.a(_exit.o)
 .data          0x00000000        0x0 c:/program files (x86)/atmel/atmel toolchain/avr8 gcc/native/3.4.1061/avr8-gnu-toolchain/bin/../lib/gcc/avr/4.8.1/avr5\libgcc.a(_exit.o)
 .bss           0x00000000        0x0 c:/program files (x86)/atmel/atmel toolchain/avr8 gcc/native/3.4.1061/avr8-gnu-toolchain/bin/../lib/gcc/avr/4.8.1/avr5\libgcc.a(_exit.o)
 .text.libgcc.mul
                0x00000000        0x0 c:/program files (x86)/atmel/atmel toolchain/avr8 gcc/native/3.4.1061/avr8-gnu-toolchain/bin/../lib/gcc/avr/4.8.1/avr5\libgcc.a(_exit.o)
 .text.libgcc.div
                0x00000000        0x0 c:/program files (x86)/atmel/atmel toolchain/avr8 gcc/native/3.4.1061/avr8-gnu-toolchain/bin/../lib/gcc/avr/4.8.1/avr5\libgcc.a(_exit.o)
 .text.libgcc   0x00000000        0x0 c:/program files (x86)/atmel/atmel toolchain/avr8 gcc/native/3.4.1061/avr8-gnu-toolchain/bin/../lib/gcc/avr/4.8.1/avr5\libgcc.a(_exit.o)
 .text.libgcc.prologue
                0x00000000        0x0 c:/program files (x86)/atmel/atmel toolchain/avr8 gcc/native/3.4.1061/avr8-gnu-toolchain/bin/../lib/gcc/avr/4.8.1/avr5\libgcc.a(_exit.o)
 .text.libgcc.builtins
                0x00000000        0x0 c:/program files (x86)/atmel/atmel toolchain/avr8 gcc/native/3.4.1061/avr8-gnu-toolchain/bin/../lib/gcc/avr/4.8.1/avr5\libgcc.a(_exit.o)
 .text.libgcc.fmul
                0x00000000        0x0 c:/program files (x86)/atmel/atmel toolchain/avr8 gcc/native/3.4.1061/avr8-gnu-toolchain/bin/../lib/gcc/avr/4.8.1/avr5\libgcc.a(_exit.o)
 .text.libgcc.fixed
                0x00000000        0x0 c:/program files (x86)/atmel/atmel toolchain/avr8 gcc/native/3.4.1061/avr8-gnu-toolchain/bin/../lib/gcc/avr/4.8.1/avr5\libgcc.a(_exit.o)
 .text          0x00000000        0x0 c:/program files (x86)/atmel/atmel toolchain/avr8 gcc/native/3.4.1061/avr8-gnu-toolchain/bin/../lib/gcc/avr/4.8.1/avr5\libgcc.a(_copy_data.o)
 .data          0x00000000        0x0 c:/program files (x86)/atmel/atmel toolchain/avr8 gcc/native/3.4.1061/avr8-gnu-toolchain/bin/../lib/gcc/avr/4.8.1/avr5\libgcc.a(_copy_data.o)
 .bss           0x00000000        0x0 c:/program files (x86)/atmel/atmel toolchain/avr8 gcc/native/3.4.1061/avr8-gnu-toolchain/bin/../lib/gcc/avr/4.8.1/avr5\libgcc.a(_copy_data.o)
 .text.libgcc.mul
                0x00000000        0x0 c:/program files (x86)/atmel/atmel toolchain/avr8 gcc/native/3.4.1061/avr8-gnu-toolchain/bin/../lib/gcc/avr/4.8.1/avr5\libgcc.a(_copy_data.o)
 .text.libgcc.div
                0x00000000        0x0 c:/program files (x86)/atmel/atmel toolchain/avr8 gcc/native/3.4.1061/avr8-gnu-toolchain/bin/../lib/gcc/avr/4.8.1/avr5\libgcc.a(_copy_data.o)
 .text.libgcc   0x00000000        0x0 c:/program files (x86)/atmel/atmel toolchain/avr8 gcc/native/3.4.1061/avr8-gnu-toolchain/bin/../lib/gcc/avr/4.8.1/avr5\libgcc.a(_copy_data.o)
 .text.libgcc.prologue
                0x00000000        0x0 c:/program files (x86)/atmel/atmel toolchain/avr8 gcc/native/3.4.1061/avr8-gnu-toolchain/bin/../lib/gcc/avr/4.8.1/avr5\libgcc.a(_copy_data.o)
 .text.libgcc.builtins
                0x00000000        0x0 c:/program files (x86)/atmel/atmel toolchain/avr8 gcc/native/3.4.1061/avr8-gnu-toolchain/bin/../lib/gcc/avr/4.8.1/avr5\libgcc.a(_copy_data.o)
 .text.libgcc.fmul
                0x00000000        0x0 c:/program files (x86)/atmel/atmel toolchain/avr8 gcc/native/3.4.1061/avr8-gnu-toolchain/bin/../lib/gcc/avr/4.8.1/avr5\libgcc.a(_copy_data.o)
 .text.libgcc.fixed
                0x00000000        0x0 c:/program files (x86)/atmel/atmel toolchain/avr8 gcc/native/3.4.1061/avr8-gnu-toolchain/bin/../lib/gcc/avr/4.8.1/avr5\libgcc.a(_copy_data.o)
 .text          0x00000000        0x0 c:/program files (x86)/atmel/atmel toolchain/avr8 gcc/native/3.4.1061/avr8-gnu-toolchain/bin/../lib/gcc/avr/4.8.1/avr5\libgcc.a(_clear_bss.o)
 .data          0x00000000        0x0 c:/program files (x86)/atmel/atmel toolchain/avr8 gcc/native/3.4.1061/avr8-gnu-toolchain/bin/../lib/gcc/avr/4.8.1/avr5\libgcc.a(_clear_bss.o)
 .bss           0x00000000        0x0 c:/program files (x86)/atmel/atmel toolchain/avr8 gcc/native/3.4.1061/avr8-gnu-toolchain/bin/../lib/gcc/avr/4.8.1/avr5\libgcc.a(_clear_bss.o)
 .text.libgcc.mul
                0x00000000        0x0 c:/program files (x86)/atmel/atmel toolchain/avr8 gcc/native/3.4.1061/avr8-gnu-toolchain/bin/../lib/gcc/avr/4.8.1/avr5\libgcc.a(_clear_bss.o)
 .text.libgcc.div
                0x00000000        0x0 c:/program files (x86)/atmel/atmel toolchain/avr8 gcc/native/3.4.1061/avr8-gnu-toolchain/bin/../lib/gcc/avr/4.8.1/avr5\libgcc.a(_clear_bss.o)
 .text.libgcc   0x00000000        0x0 c:/program files (x86)/atmel/atmel toolchain/avr8 gcc/native/3.4.1061/avr8-gnu-toolchain/bin/../lib/gcc/avr/4.8.1/avr5\libgcc.a(_clear_bss.o)
 .text.libgcc.prologue
                0x00000000        0x0 c:/program files (x86)/atmel/atmel toolchain/avr8 gcc/native/3.4.1061/avr8-gnu-toolchain/bin/../lib/gcc/avr/4.8.1/avr5\libgcc.a(_clear_bss.o)
 .text.libgcc.builtins
                0x00000000        0x0 c:/program files (x86)/atmel/atmel toolchain/avr8 gcc/native/3.4.1061/avr8-gnu-toolchain/bin/../lib/gcc/avr/4.8.1/avr5\libgcc.a(_clear_bss.o)
 .text.libgcc.fmul
                0x00000000        0x0 c:/program files (x86)/atmel/atmel toolchain/avr8 gcc/native/3.4.1061/avr8-gnu-toolchain/bin/../lib/gcc/avr/4.8.1/avr5\libgcc.a(_clear_bss.o)
 .text.libgcc.fixed
                0x00000000        0x0 c:/program files (x86)/atmel/atmel toolchain/avr8 gcc/native/3.4.1061/avr8-gnu-toolchain/bin/../lib/gcc/avr/4.8.1/avr5\libgcc.a(_clear_bss.o)
 .text          0x00000000        0x0 c:/program files (x86)/atmel/atmel toolchain/avr8 gcc/native/3.4.1061/avr8-gnu-toolchain/bin/../lib/gcc/avr/4.8.1/avr5\libgcc.a(_umulhisi3.o)
 .data          0x00000000        0x0 c:/program files (x86)/atmel/atmel toolchain/avr8 gcc/native/3.4.1061/avr8-gnu-toolchain/bin/../lib/gcc/avr/4.8.1/avr5\libgcc.a(_umulhisi3.o)
 .bss           0x00000000        0x0 c:/program files (x86)/atmel/atmel toolchain/avr8 gcc/native/3.4.1061/avr8-gnu-toolchain/bin/../lib/gcc/avr/4.8.1/avr5\libgcc.a(_umulhisi3.o)
 .text.libgcc.div
                0x00000000        0x0 c:/program files (x86)/atmel/atmel toolchain/avr8 gcc/native/3.4.1061/avr8-gnu-toolchain/bin/../lib/gcc/avr/4.8.1/avr5\libgcc.a(_umulhisi3.o)
 .text.libgcc   0x00000000        0x0 c:/program files (x86)/atmel/atmel toolchain/avr8 gcc/native/3.4.1061/avr8-gnu-toolchain/bin/../lib/gcc/avr/4.8.1/avr5\libgcc.a(_umulhisi3.o)
 .text.libgcc.prologue
                0x00000000        0x0 c:/program files (x86)/atmel/atmel toolchain/avr8 gcc/native/3.4.1061/avr8-gnu-toolchain/bin/../lib/gcc/avr/4.8.1/avr5\libgcc.a(_umulhisi3.o)
 .text.libgcc.builtins
                0x00000000        0x0 c:/program files (x86)/atmel/atmel toolchain/avr8 gcc/native/3.4.1061/avr8-gnu-toolchain/bin/../lib/gcc/avr/4.8.1/avr5\libgcc.a(_umulhisi3.o)
 .text.libgcc.fmul
                0x00000000        0x0 c:/program files (x86)/atmel/atmel toolchain/avr8 gcc/native/3.4.1061/avr8-gnu-toolchain/bin/../lib/gcc/avr/4.8.1/avr5\libgcc.a(_umulhisi3.o)
 .text.libgcc.fixed
                0x00000000        0x0 c:/program files (x86)/atmel/atmel toolchain/avr8 gcc/native/3.4.1061/avr8-gnu-toolchain/bin/../lib/gcc/avr/4.8.1/avr5\libgcc.a(_umulhisi3.o)

Memory Configuration

Name             Origin             Length             Attributes
text             0x00000000         0x00020000         xr
data             0x00800060         0x0000ffa0         rw !x
eeprom           0x00810000         0x00010000         rw !x
fuse             0x00820000         0x00000400         rw !x
lock             0x00830000         0x00000400         rw !x
signature        0x00840000         0x00000400         rw !x
user_signatures  0x00850000         0x00000400         rw !x
*default*        0x00000000         0xffffffff

Linker script and memory map

Address of section .data set to 0x800100
LOAD c:/program files (x86)/atmel/atmel toolchain/avr8 gcc/native/3.4.1061/avr8-gnu-toolchain/bin/../lib/gcc/avr/4.8.1/../../../../avr/lib/avr5/crtm165a.o
LOAD CommsBoardC.o
START GROUP
LOAD c:/program files (x86)/atmel/atmel toolchain/avr8 gcc/native/3.4.1061/avr8-gnu-toolchain/bin/../lib/gcc/avr/4.8.1/../../../../avr/lib/avr5\libm.a
LOAD C:\Users\Ezra\Documents\GitHub\robocup-ee\firmware\gen3\SerialLib\Debug\libSerialLib.a
END GROUP
START GROUP
LOAD c:/program files (x86)/atmel/atmel toolchain/avr8 gcc/native/3.4.1061/avr8-gnu-toolchain/bin/../lib/gcc/avr/4.8.1/avr5\libgcc.a
LOAD c:/program files (x86)/atmel/atmel toolchain/avr8 gcc/native/3.4.1061/avr8-gnu-toolchain/bin/../lib/gcc/avr/4.8.1/../../../../avr/lib/avr5\libm.a
LOAD c:/program files (x86)/atmel/atmel toolchain/avr8 gcc/native/3.4.1061/avr8-gnu-toolchain/bin/../lib/gcc/avr/4.8.1/../../../../avr/lib/avr5\libc.a
END GROUP

.hash
 *(.hash)

.dynsym
 *(.dynsym)

.dynstr
 *(.dynstr)

.gnu.version
 *(.gnu.version)

.gnu.version_d
 *(.gnu.version_d)

.gnu.version_r
 *(.gnu.version_r)

.rel.init
 *(.rel.init)

.rela.init
 *(.rela.init)

.rel.text
 *(.rel.text)
 *(.rel.text.*)
 *(.rel.gnu.linkonce.t*)

.rela.text
 *(.rela.text)
 *(.rela.text.*)
 *(.rela.gnu.linkonce.t*)

.rel.fini
 *(.rel.fini)

.rela.fini
 *(.rela.fini)

.rel.rodata
 *(.rel.rodata)
 *(.rel.rodata.*)
 *(.rel.gnu.linkonce.r*)

.rela.rodata
 *(.rela.rodata)
 *(.rela.rodata.*)
 *(.rela.gnu.linkonce.r*)

.rel.data
 *(.rel.data)
 *(.rel.data.*)
 *(.rel.gnu.linkonce.d*)

.rela.data
 *(.rela.data)
 *(.rela.data.*)
 *(.rela.gnu.linkonce.d*)

.rel.ctors
 *(.rel.ctors)

.rela.ctors
 *(.rela.ctors)

.rel.dtors
 *(.rel.dtors)

.rela.dtors
 *(.rela.dtors)

.rel.got
 *(.rel.got)

.rela.got
 *(.rela.got)

.rel.bss
 *(.rel.bss)

.rela.bss
 *(.rela.bss)

.rel.plt
 *(.rel.plt)

.rela.plt
 *(.rela.plt)

.text           0x00000000      0x432
 *(.vectors)
 .vectors       0x00000000       0x58 c:/program files (x86)/atmel/atmel toolchain/avr8 gcc/native/3.4.1061/avr8-gnu-toolchain/bin/../lib/gcc/avr/4.8.1/../../../../avr/lib/avr5/crtm165a.o
                0x00000000                __vector_default
                0x00000000                __vectors
 *(.vectors)
 *(.progmem.gcc*)
                0x00000058                . = ALIGN (0x2)
                0x00000058                __trampolines_start = .
 *(.trampolines)
 .trampolines   0x00000058        0x0 linker stubs
 *(.trampolines*)
                0x00000058                __trampolines_end = .
 *(.progmem*)
                0x00000058                . = ALIGN (0x2)
 *(.jumptables)
 *(.jumptables*)
 *(.lowtext)
 *(.lowtext*)
                0x00000058                __ctors_start = .
 *(.ctors)
                0x00000058                __ctors_end = .
                0x00000058                __dtors_start = .
 *(.dtors)
                0x00000058                __dtors_end = .
 SORT(*)(.ctors)
 SORT(*)(.dtors)
 *(.init0)
 .init0         0x00000058        0x0 c:/program files (x86)/atmel/atmel toolchain/avr8 gcc/native/3.4.1061/avr8-gnu-toolchain/bin/../lib/gcc/avr/4.8.1/../../../../avr/lib/avr5/crtm165a.o
                0x00000058                __init
 *(.init0)
 *(.init1)
 *(.init1)
 *(.init2)
 .init2         0x00000058        0xc c:/program files (x86)/atmel/atmel toolchain/avr8 gcc/native/3.4.1061/avr8-gnu-toolchain/bin/../lib/gcc/avr/4.8.1/../../../../avr/lib/avr5/crtm165a.o
 *(.init2)
 *(.init3)
 *(.init3)
 *(.init4)
 .init4         0x00000064       0x16 c:/program files (x86)/atmel/atmel toolchain/avr8 gcc/native/3.4.1061/avr8-gnu-toolchain/bin/../lib/gcc/avr/4.8.1/avr5\libgcc.a(_copy_data.o)
                0x00000064                __do_copy_data
 .init4         0x0000007a       0x10 c:/program files (x86)/atmel/atmel toolchain/avr8 gcc/native/3.4.1061/avr8-gnu-toolchain/bin/../lib/gcc/avr/4.8.1/avr5\libgcc.a(_clear_bss.o)
                0x0000007a                __do_clear_bss
 *(.init4)
 *(.init5)
 *(.init5)
 *(.init6)
 *(.init6)
 *(.init7)
 *(.init7)
 *(.init8)
 *(.init8)
 *(.init9)
 .init9         0x0000008a        0x8 c:/program files (x86)/atmel/atmel toolchain/avr8 gcc/native/3.4.1061/avr8-gnu-toolchain/bin/../lib/gcc/avr/4.8.1/../../../../avr/lib/avr5/crtm165a.o
 *(.init9)
 *(.text)
 .text          0x00000092        0x4 c:/program files (x86)/atmel/atmel toolchain/avr8 gcc/native/3.4.1061/avr8-gnu-toolchain/bin/../lib/gcc/avr/4.8.1/../../../../avr/lib/avr5/crtm165a.o
                0x00000092                __vector_1
                0x00000092                __vector_12
                0x00000092                __bad_interrupt
                0x00000092                __vector_6
                0x00000092                __vector_3
                0x00000092                __vector_11
                0x00000092                __vector_17
                0x00000092                __vector_19
                0x00000092                __vector_7
                0x00000092                __vector_5
                0x00000092                __vector_4
                0x00000092                __vector_9
                0x00000092                __vector_2
                0x00000092                __vector_21
                0x00000092                __vector_8
                0x00000092                __vector_10
                0x00000092                __vector_16
                0x00000092                __vector_18
                0x00000092                __vector_20
                0x00000096                . = ALIGN (0x2)
 *(.text.*)
 .text.main     0x00000096       0x82 CommsBoardC.o
                0x00000096                main
 .text.serialPushInbox
                0x00000118        0xa C:\Users\Ezra\Documents\GitHub\robocup-ee\firmware\gen3\SerialLib\Debug\libSerialLib.a(serial.o)
                0x00000118                serialPushInbox
 .text.serialPopInbox
                0x00000122        0xa C:\Users\Ezra\Documents\GitHub\robocup-ee\firmware\gen3\SerialLib\Debug\libSerialLib.a(serial.o)
                0x00000122                serialPopInbox
 .text.serialGetInboxSize
                0x0000012c        0xa C:\Users\Ezra\Documents\GitHub\robocup-ee\firmware\gen3\SerialLib\Debug\libSerialLib.a(serial.o)
                0x0000012c                serialGetInboxSize
 .text.serialPopOutbox
                0x00000136        0xa C:\Users\Ezra\Documents\GitHub\robocup-ee\firmware\gen3\SerialLib\Debug\libSerialLib.a(serial.o)
                0x00000136                serialPopOutbox
 .text.__vector_13
                0x00000140       0xc0 C:\Users\Ezra\Documents\GitHub\robocup-ee\firmware\gen3\SerialLib\Debug\libSerialLib.a(serial.o)
                0x00000140                __vector_13
 .text.__vector_15
                0x00000200       0x14 C:\Users\Ezra\Documents\GitHub\robocup-ee\firmware\gen3\SerialLib\Debug\libSerialLib.a(serial.o)
                0x00000200                __vector_15
 .text.__vector_14
                0x00000214       0xca C:\Users\Ezra\Documents\GitHub\robocup-ee\firmware\gen3\SerialLib\Debug\libSerialLib.a(serial.o)
                0x00000214                __vector_14
 .text.mqPopMessage
                0x000002de       0x8c C:\Users\Ezra\Documents\GitHub\robocup-ee\firmware\gen3\SerialLib\Debug\libSerialLib.a(commcore.o)
                0x000002de                mqPopMessage
 .text.mqPushMessage
                0x0000036a       0x9e C:\Users\Ezra\Documents\GitHub\robocup-ee\firmware\gen3\SerialLib\Debug\libSerialLib.a(commcore.o)
                0x0000036a                mqPushMessage
 .text.mqGetSize
                0x00000408        0x8 C:\Users\Ezra\Documents\GitHub\robocup-ee\firmware\gen3\SerialLib\Debug\libSerialLib.a(commcore.o)
                0x00000408                mqGetSize
 .text.libgcc.mul
                0x00000410       0x1e c:/program files (x86)/atmel/atmel toolchain/avr8 gcc/native/3.4.1061/avr8-gnu-toolchain/bin/../lib/gcc/avr/4.8.1/avr5\libgcc.a(_umulhisi3.o)
                0x00000410                __umulhisi3
                0x0000042e                . = ALIGN (0x2)
 *(.fini9)
 .fini9         0x0000042e        0x0 c:/program files (x86)/atmel/atmel toolchain/avr8 gcc/native/3.4.1061/avr8-gnu-toolchain/bin/../lib/gcc/avr/4.8.1/avr5\libgcc.a(_exit.o)
                0x0000042e                _exit
                0x0000042e                exit
 *(.fini9)
 *(.fini8)
 *(.fini8)
 *(.fini7)
 *(.fini7)
 *(.fini6)
 *(.fini6)
 *(.fini5)
 *(.fini5)
 *(.fini4)
 *(.fini4)
 *(.fini3)
 *(.fini3)
 *(.fini2)
 *(.fini2)
 *(.fini1)
 *(.fini1)
 *(.fini0)
 .fini0         0x0000042e        0x4 c:/program files (x86)/atmel/atmel toolchain/avr8 gcc/native/3.4.1061/avr8-gnu-toolchain/bin/../lib/gcc/avr/4.8.1/avr5\libgcc.a(_exit.o)
 *(.fini0)
                0x00000432                _etext = .

.data           0x00800100        0x2 load address 0x00000432
                0x00800100                PROVIDE (__data_start, .)
 *(.data)
 *(.data*)
 .data.charsSent
                0x00800100        0x2 C:\Users\Ezra\Documents\GitHub\robocup-ee\firmware\gen3\SerialLib\Debug\libSerialLib.a(serial.o)
                0x00800100                charsSent
 *(.rodata)
 *(.rodata*)
 *(.gnu.linkonce.d*)
                0x00800102                . = ALIGN (0x2)
                0x00800102                _edata = .
                0x00800102                PROVIDE (__data_end, .)

.bss            0x00800102       0x61
                0x00800102                PROVIDE (__bss_start, .)
 *(.bss)
 *(.bss*)
 .bss.charsRead
                0x00800102        0x2 C:\Users\Ezra\Documents\GitHub\robocup-ee\firmware\gen3\SerialLib\Debug\libSerialLib.a(serial.o)
                0x00800102                charsRead
 *(COMMON)
 COMMON         0x00800104       0x5f C:\Users\Ezra\Documents\GitHub\robocup-ee\firmware\gen3\SerialLib\Debug\libSerialLib.a(serial.o)
                0x00800104                sendQueue
                0x00800107                outbox
                0x00800133                inbox
                0x0080015f                readBuf
                0x00800163                PROVIDE (__bss_end, .)
                0x00000432                __data_load_start = LOADADDR (.data)
                0x00000434                __data_load_end = (__data_load_start + SIZEOF (.data))

.noinit         0x00800163        0x0
                0x00800163                PROVIDE (__noinit_start, .)
 *(.noinit*)
                0x00800163                PROVIDE (__noinit_end, .)
                0x00800163                _end = .
                0x00800163                PROVIDE (__heap_start, .)

.eeprom         0x00810000        0x0
 *(.eeprom*)
                0x00810000                __eeprom_end = .

.fuse
 *(.fuse)
 *(.lfuse)
 *(.hfuse)
 *(.efuse)

.lock
 *(.lock*)

.signature
 *(.signature*)

.user_signatures
 *(.user_signatures*)

.stab
 *(.stab)

.stabstr
 *(.stabstr)

.stab.excl
 *(.stab.excl)

.stab.exclstr
 *(.stab.exclstr)

.stab.index
 *(.stab.index)

.stab.indexstr
 *(.stab.indexstr)

.comment        0x00000000       0x30
 *(.comment)
 .comment       0x00000000       0x30 CommsBoardC.o
                                 0x31 (size before relaxing)
 .comment       0x00000000       0x31 C:\Users\Ezra\Documents\GitHub\robocup-ee\firmware\gen3\SerialLib\Debug\libSerialLib.a(serial.o)
 .comment       0x00000000       0x31 C:\Users\Ezra\Documents\GitHub\robocup-ee\firmware\gen3\SerialLib\Debug\libSerialLib.a(commcore.o)

.note.gnu.build-id
 *(.note.gnu.build-id)

.debug
 *(.debug)

.line
 *(.line)

.debug_srcinfo
 *(.debug_srcinfo)

.debug_sfnames
 *(.debug_sfnames)

.debug_aranges  0x00000000       0xc8
 *(.debug_aranges)
 .debug_aranges
                0x00000000       0x20 CommsBoardC.o
 .debug_aranges
                0x00000020       0x70 C:\Users\Ezra\Documents\GitHub\robocup-ee\firmware\gen3\SerialLib\Debug\libSerialLib.a(serial.o)
 .debug_aranges
                0x00000090       0x38 C:\Users\Ezra\Documents\GitHub\robocup-ee\firmware\gen3\SerialLib\Debug\libSerialLib.a(commcore.o)

.debug_pubnames
 *(.debug_pubnames)

.debug_info     0x00000000      0x9db
 *(.debug_info .gnu.linkonce.wi.*)
 .debug_info    0x00000000      0x222 CommsBoardC.o
 .debug_info    0x00000222      0x48d C:\Users\Ezra\Documents\GitHub\robocup-ee\firmware\gen3\SerialLib\Debug\libSerialLib.a(serial.o)
 .debug_info    0x000006af      0x32c C:\Users\Ezra\Documents\GitHub\robocup-ee\firmware\gen3\SerialLib\Debug\libSerialLib.a(commcore.o)

.debug_abbrev   0x00000000      0x4e1
 *(.debug_abbrev)
 .debug_abbrev  0x00000000      0x198 CommsBoardC.o
 .debug_abbrev  0x00000198      0x1ba C:\Users\Ezra\Documents\GitHub\robocup-ee\firmware\gen3\SerialLib\Debug\libSerialLib.a(serial.o)
 .debug_abbrev  0x00000352      0x18f C:\Users\Ezra\Documents\GitHub\robocup-ee\firmware\gen3\SerialLib\Debug\libSerialLib.a(commcore.o)

.debug_line     0x00000000      0x4a6
 *(.debug_line .debug_line.* .debug_line_end)
 .debug_line    0x00000000      0x17e CommsBoardC.o
 .debug_line    0x0000017e      0x17b C:\Users\Ezra\Documents\GitHub\robocup-ee\firmware\gen3\SerialLib\Debug\libSerialLib.a(serial.o)
 .debug_line    0x000002f9      0x1ad C:\Users\Ezra\Documents\GitHub\robocup-ee\firmware\gen3\SerialLib\Debug\libSerialLib.a(commcore.o)

.debug_frame    0x00000000      0x220
 *(.debug_frame)
 .debug_frame   0x00000000       0x34 CommsBoardC.o
 .debug_frame   0x00000034      0x174 C:\Users\Ezra\Documents\GitHub\robocup-ee\firmware\gen3\SerialLib\Debug\libSerialLib.a(serial.o)
 .debug_frame   0x000001a8       0x78 C:\Users\Ezra\Documents\GitHub\robocup-ee\firmware\gen3\SerialLib\Debug\libSerialLib.a(commcore.o)

.debug_str      0x00000000      0x3c6
 *(.debug_str)
 .debug_str     0x00000000      0x1b8 CommsBoardC.o
                                0x1f1 (size before relaxing)
 .debug_str     0x000001b8      0x1f0 C:\Users\Ezra\Documents\GitHub\robocup-ee\firmware\gen3\SerialLib\Debug\libSerialLib.a(serial.o)
                                0x2a5 (size before relaxing)
 .debug_str     0x000003a8       0x1e C:\Users\Ezra\Documents\GitHub\robocup-ee\firmware\gen3\SerialLib\Debug\libSerialLib.a(commcore.o)
                                0x1f9 (size before relaxing)

.debug_loc      0x00000000      0x64a
 *(.debug_loc)
 .debug_loc     0x00000000       0xe2 CommsBoardC.o
 .debug_loc     0x000000e2      0x2b0 C:\Users\Ezra\Documents\GitHub\robocup-ee\firmware\gen3\SerialLib\Debug\libSerialLib.a(serial.o)
 .debug_loc     0x00000392      0x2b8 C:\Users\Ezra\Documents\GitHub\robocup-ee\firmware\gen3\SerialLib\Debug\libSerialLib.a(commcore.o)

.debug_macinfo
 *(.debug_macinfo)

.debug_weaknames
 *(.debug_weaknames)

.debug_funcnames
 *(.debug_funcnames)

.debug_typenames
 *(.debug_typenames)

.debug_varnames
 *(.debug_varnames)

.debug_pubtypes
 *(.debug_pubtypes)

.debug_ranges   0x00000000       0xc8
 *(.debug_ranges)
 .debug_ranges  0x00000000       0x28 CommsBoardC.o
 .debug_ranges  0x00000028       0x60 C:\Users\Ezra\Documents\GitHub\robocup-ee\firmware\gen3\SerialLib\Debug\libSerialLib.a(serial.o)
 .debug_ranges  0x00000088       0x40 C:\Users\Ezra\Documents\GitHub\robocup-ee\firmware\gen3\SerialLib\Debug\libSerialLib.a(commcore.o)

.debug_macro
 *(.debug_macro)
OUTPUT(CommsBoardC.elf elf32-avr)
LOAD linker stubs
